<?php return array (
  0 => 'Symfony\\Bundle\\FrameworkBundle\\Controller\\AbstractController',
  1 => 'App\\Controller\\Admin\\CandidatCrudController',
  2 => 'App\\Controller\\Admin\\CcpCrudController',
  3 => 'App\\Controller\\Admin\\CompetenceCrudController',
  4 => 'App\\Controller\\Admin\\ContentEntityCrudController',
  5 => 'App\\Controller\\Admin\\DashboardController',
  6 => 'App\\Controller\\Admin\\EntrepriseCrudController',
  7 => 'App\\Controller\\Admin\\HabilitationCrudController',
  8 => 'App\\Controller\\Admin\\JourCrudController',
  9 => 'App\\Controller\\Admin\\JuryCrudController',
  10 => 'App\\Controller\\Admin\\NiveauCrudController',
  11 => 'App\\Controller\\Admin\\ProduitCrudController',
  12 => 'App\\Controller\\Admin\\ProjetCrudController',
  13 => 'App\\Controller\\Admin\\ResponsableEntrepriseCrudController',
  14 => 'App\\Controller\\Admin\\SessionCrudController',
  15 => 'App\\Controller\\Admin\\TitreCrudController',
  16 => 'App\\Controller\\Admin\\UserEntityCrudController',
  17 => 'App\\Controller\\Admin\\UtilisateurCrudController',
  18 => 'App\\Controller\\AppController',
  19 => 'App\\Controller\\AuditController',
  20 => 'App\\Controller\\ConceptionController',
  21 => 'App\\Controller\\ContactController',
  22 => 'App\\Controller\\EntrepriseController',
  23 => 'App\\Controller\\FormationController',
  24 => 'App\\Controller\\HomeController',
  25 => 'App\\Controller\\JuryController',
  26 => 'App\\Controller\\SecurityController',
  27 => 'App\\Controller\\StageController',
  28 => 'App\\Entity\\Candidat',
  29 => 'App\\Entity\\Ccp',
  30 => 'App\\Entity\\Competence',
  31 => 'App\\Entity\\ContentEntity',
  32 => 'App\\Entity\\Entreprise',
  33 => 'App\\Entity\\Habilitation',
  34 => 'App\\Entity\\Jour',
  35 => 'App\\Entity\\Jours',
  36 => 'App\\Entity\\Jury',
  37 => 'App\\Entity\\Niveau',
  38 => 'App\\Entity\\Produit',
  39 => 'App\\Entity\\Projet',
  40 => 'App\\Entity\\ResponsableEntreprise',
  41 => 'App\\Entity\\Session',
  42 => 'App\\Entity\\Titre',
  43 => 'App\\Entity\\UserEntity',
  44 => 'App\\Entity\\Utilisateur',
  45 => 'Doctrine\\Bundle\\DoctrineBundle\\Controller\\ProfilerController',
  46 => 'Doctrine\\ORM\\Cache\\Persister\\Entity\\AbstractEntityPersister',
  47 => 'Doctrine\\ORM\\Cache\\Persister\\Entity\\CachedEntityPersister',
  48 => 'Doctrine\\ORM\\Cache\\Persister\\Entity\\NonStrictReadWriteCachedEntityPersister',
  49 => 'Doctrine\\ORM\\Cache\\Persister\\Entity\\ReadOnlyCachedEntityPersister',
  50 => 'Doctrine\\ORM\\Cache\\Persister\\Entity\\ReadWriteCachedEntityPersister',
  51 => 'Doctrine\\ORM\\Persisters\\Entity\\AbstractEntityInheritancePersister',
  52 => 'Doctrine\\ORM\\Persisters\\Entity\\BasicEntityPersister',
  53 => 'Doctrine\\ORM\\Persisters\\Entity\\CachedPersisterContext',
  54 => 'Doctrine\\ORM\\Persisters\\Entity\\EntityPersister',
  55 => 'Doctrine\\ORM\\Persisters\\Entity\\JoinedSubclassPersister',
  56 => 'Doctrine\\ORM\\Persisters\\Entity\\SingleTablePersister',
  57 => 'EasyCorp\\Bundle\\EasyAdminBundle\\Contracts\\Controller\\CrudControllerInterface',
  58 => 'EasyCorp\\Bundle\\EasyAdminBundle\\Contracts\\Controller\\DashboardControllerInterface',
  59 => 'EasyCorp\\Bundle\\EasyAdminBundle\\Controller\\AbstractCrudController',
  60 => 'EasyCorp\\Bundle\\EasyAdminBundle\\Controller\\AbstractDashboardController',
  61 => 'EasyCorp\\Bundle\\EasyAdminBundle\\Controller\\EasyAdminController',
  63 => 'Symfony\\Bundle\\FrameworkBundle\\Controller\\ControllerResolver',
  64 => 'Symfony\\Bundle\\FrameworkBundle\\Controller\\RedirectController',
  65 => 'Symfony\\Bundle\\FrameworkBundle\\Controller\\TemplateController',
  66 => 'Symfony\\Bundle\\WebProfilerBundle\\Controller\\ExceptionPanelController',
  67 => 'Symfony\\Bundle\\WebProfilerBundle\\Controller\\ProfilerController',
  68 => 'Symfony\\Bundle\\WebProfilerBundle\\Controller\\RouterController',
  69 => 'Symfony\\Component\\HttpKernel\\Controller\\ArgumentResolver',
  70 => 'Symfony\\Component\\HttpKernel\\Controller\\ArgumentResolverInterface',
  71 => 'Symfony\\Component\\HttpKernel\\Controller\\ArgumentResolver\\DefaultValueResolver',
  72 => 'Symfony\\Component\\HttpKernel\\Controller\\ArgumentResolver\\NotTaggedControllerValueResolver',
  73 => 'Symfony\\Component\\HttpKernel\\Controller\\ArgumentResolver\\RequestAttributeValueResolver',
  74 => 'Symfony\\Component\\HttpKernel\\Controller\\ArgumentResolver\\RequestValueResolver',
  75 => 'Symfony\\Component\\HttpKernel\\Controller\\ArgumentResolver\\ServiceValueResolver',
  76 => 'Symfony\\Component\\HttpKernel\\Controller\\ArgumentResolver\\SessionValueResolver',
  77 => 'Symfony\\Component\\HttpKernel\\Controller\\ArgumentResolver\\TraceableValueResolver',
  78 => 'Symfony\\Component\\HttpKernel\\Controller\\ArgumentResolver\\VariadicValueResolver',
  79 => 'Symfony\\Component\\HttpKernel\\Controller\\ArgumentValueResolverInterface',
  80 => 'Symfony\\Component\\HttpKernel\\Controller\\ContainerControllerResolver',
  81 => 'Symfony\\Component\\HttpKernel\\Controller\\ControllerReference',
  82 => 'Symfony\\Component\\HttpKernel\\Controller\\ControllerResolver',
  83 => 'Symfony\\Component\\HttpKernel\\Controller\\ControllerResolverInterface',
  84 => 'Symfony\\Component\\HttpKernel\\Controller\\ErrorController',
  85 => 'Symfony\\Component\\HttpKernel\\Controller\\TraceableArgumentResolver',
  86 => 'Symfony\\Component\\HttpKernel\\Controller\\TraceableControllerResolver',
  87 => 'Symfony\\Component\\Security\\Http\\Controller\\UserValueResolver',
);